bevy_ecs::hierarchy::Children
  bevy_ecs::hierarchy::ChildOf, bevy_ecs::name::Name, beet_core::utils::file_span::FileSpan, beet_core::testing::runner::insert_tests::Test, beet_core::testing::runner::insert_tests::NonSendTestFunc
  bevy_ecs::hierarchy::ChildOf, bevy_ecs::name::Name, beet_core::utils::file_span::FileSpan, beet_core::testing::runner::insert_tests::Test, beet_core::testing::runner::insert_tests::NonSendTestFunc
  bevy_ecs::hierarchy::ChildOf, bevy_ecs::name::Name, beet_core::utils::file_span::FileSpan, beet_core::testing::runner::insert_tests::Test, beet_core::testing::runner::insert_tests::NonSendTestFunc
  bevy_ecs::hierarchy::ChildOf, bevy_ecs::name::Name, beet_core::utils::file_span::FileSpan, beet_core::testing::runner::insert_tests::Test, beet_core::testing::runner::insert_tests::NonSendTestFunc
  bevy_ecs::hierarchy::ChildOf, bevy_ecs::name::Name, beet_core::utils::file_span::FileSpan, beet_core::testing::runner::insert_tests::Test, beet_core::testing::runner::insert_tests::NonSendTestFunc
