[groups.agents]
sealed = """
"""

[groups.default]
sealed = """
"""

[secrets.CF_API_TOKEN]
role = "env_var"
group = "agents"
note = "dns and workers"
modified = "2026-09-18T00:00:00.000Z"

[secrets.OPENAI_API_KEY]
role = "env_var"
note = "billing account"
modified = "2026-09-18T00:00:00.000Z"

[secrets.dkim-example-com]
note = "the signing key"
modified = "2026-09-18T00:00:00.000Z"