[groups.agents]

[groups.agents.secrets.CF_API_TOKEN]
role = "env_var"
note = "dns and workers"
modified = "2026-09-18T00:00:00.000Z"

[groups.default]

[groups.default.secrets.OPENAI_API_KEY]
role = "env_var"
note = "billing account"
modified = "2026-09-18T00:00:00.000Z"

[groups.default.secrets.dkim-example-com]
note = "the signing key"
modified = "2026-09-18T00:00:00.000Z"

[sealed]
agents = """
"""
default = """
"""