┌───┐+++++++++++++++++++++++++++++++++++
│┌─┐│+++++++++++++++++++++++++++++++++++
││A││+++++++++++++++++++++++++++++++++++
│└─┘│+++++++++++++++++++++++++++++++++++
│┌─┐│+++++++++++++++++++++++++++++++++++
││B││+++++++++++++++++++++++++++++++++++
│└─┘│+++++++++++++++++++++++++++++++++++
│┌─┐│+++++++++++++++++++++++++++++++++++
││C││+++++++++++++++++++++++++++++++++++
│└─┘│+++++++++++++++++++++++++++++++++++
└───┘+++++++++++++++++++++++++++++++++++