┌─────┐[0m+++++++++++++++++++++++++++++++++
│First│[0m+++++++++++++++++++++++++++++++++
└─────┘[0m+++++++++++++++++++++++++++++++++
┌──────┐[0m++++++++++++++++++++++++++++++++
│Second│[0m++++++++++++++++++++++++++++++++
└──────┘[0m++++++++++++++++++++++++++++++++
┌─────┐[0m+++++++++++++++++++++++++++++++++
│Third│[0m+++++++++++++++++++++++++++++++++
└─────┘[0m+++++++++++++++++++++++++++++++++