┌─────┐+++++++++++++++++++++++++++++++++
│First│+++++++++++++++++++++++++++++++++
└─────┘+++++++++++++++++++++++++++++++++
┌──────┐++++++++++++++++++++++++++++++++
│Second│++++++++++++++++++++++++++++++++
└──────┘++++++++++++++++++++++++++++++++
┌─────┐+++++++++++++++++++++++++++++++++
│Third│+++++++++++++++++++++++++++++++++
└─────┘+++++++++++++++++++++++++++++++++