[
  "{\n    #[allow(unused)]\n    use beet_dom::prelude::*;\n    #[allow(unused)]\n    ResolveSnippets::resolve((\n        ExprIdx(0u32),\n        NodeTag(String::from(\"Foo\")),\n        FragmentNode,\n        TemplateNode,\n        OnSpawnDeferred::insert(Foo::default().into_bundle()),\n    ))\n}",
  "{\n    #[allow(unused)]\n    use beet_dom::prelude::*;\n    #[allow(unused)]\n    ResolveSnippets::resolve((\n        ExprIdx(0u32),\n        NodeTag(String::from(\"Transform\")),\n        FragmentNode,\n        TemplateNode,\n        OnSpawnDeferred::insert(\n            Transform {\n                position: Vec3(0, 0, 0).into(),\n            }\n                .into_bundle(),\n        ),\n    ))\n}",
  "{\n    #[allow(unused)]\n    use beet_dom::prelude::*;\n    #[allow(unused)]\n    ResolveSnippets::resolve((\n        ExprIdx(0u32),\n        NodeTag(String::from(\"Foo\")),\n        FragmentNode,\n        TemplateNode,\n        OnSpawnDeferred::insert(Foo { bar: true, ..default() }.into_bundle()),\n    ))\n}",
  "{\n    #[allow(unused)]\n    use beet_dom::prelude::*;\n    #[allow(unused)]\n    ResolveSnippets::resolve((\n        ExprIdx(0u32),\n        NodeTag(String::from(\"Foo\")),\n        FragmentNode,\n        TemplateNode,\n        OnSpawnDeferred::insert(Foo { r#type: \"bar\".into() }.into_bundle()),\n    ))\n}",
]