[
  "{\n    #[allow(unused)]\n    use beet_dom::prelude::*;\n    #[allow(unused)]\n    use beet_core::prelude::*;\n    ResolveSnippets::resolve(())\n}",
  "{\n    #[allow(unused)]\n    use beet_dom::prelude::*;\n    #[allow(unused)]\n    use beet_core::prelude::*;\n    ResolveSnippets::resolve((\n        NodeTag(String::from(\"my-func\")),\n        ElementNode { self_closing: true },\n        OnSpawnDeferred::insert(\n            <MyFunc as Props>::Builder::default().build().into_bundle(),\n        ),\n    ))\n}",
  "{\n    #[allow(unused)]\n    use beet_dom::prelude::*;\n    #[allow(unused)]\n    use beet_core::prelude::*;\n    ResolveSnippets::resolve((\n        SnippetRoot {\n            file: WsPathBuf::new(\"crates/beet_parse/src/tokenize/tokenize_bsx.rs\"),\n            start: LineCol { line: 1u32, col: 0u32 },\n        },\n        InstanceRoot,\n        FragmentNode,\n        related! {\n            Children[(NodeTag(String::from(\"my_func\")), ElementNode { self_closing :\n            true }, OnSpawnDeferred::insert(< MyFunc as Props > ::Builder::default()\n            .build().into_bundle())), (ExprIdx(0u32),\n            NodeTag(String::from(\"MyStruct\")), FragmentNode, TemplateNode,\n            OnSpawnDeferred::insert(MyStruct::default().into_bundle()))]\n        },\n    ))\n}",
  "{\n    #[allow(unused)]\n    use beet_dom::prelude::*;\n    #[allow(unused)]\n    use beet_core::prelude::*;\n    ResolveSnippets::resolve((\n        NodeTag(String::from(\"func\")),\n        ElementNode { self_closing: true },\n        OnSpawnDeferred::insert(\n            <Func as Props>::Builder::default().foo(bar).build().into_bundle(),\n        ),\n    ))\n}",
  "{\n    #[allow(unused)]\n    use beet_dom::prelude::*;\n    #[allow(unused)]\n    use beet_core::prelude::*;\n    ResolveSnippets::resolve((\n        NodeTag(String::from(\"func\")),\n        ElementNode { self_closing: false },\n        OnSpawnDeferred::insert(\n            <Func as Props>::Builder::default().build().into_bundle(),\n        ),\n        related! {\n            Children[TextNode(String::from(\"foo\")), (ExprIdx(0u32), BlockNode,\n            OnSpawnDeferred::insert(#[allow(unused_braces)] { bar } .into_bundle()))]\n        },\n    ))\n}",
]