[
  "{\n    #[allow(unused)]\n    use beet_dom::prelude::*;\n    #[allow(unused)]\n    use beet_core::prelude::*;\n    ResolveSnippets::resolve((\n        SnippetRoot {\n            file: WsPathBuf::new(\n                \"crates/beet_parse/src/tokenize/tokenize_template.rs\",\n            ),\n            start: LineCol { line: 1u32, col: 0u32 },\n        },\n        InstanceRoot,\n        FragmentNode,\n        related! {\n            Children[(ExprIdx(0u32), RequiresDomIdx, NodeTag(String::from(\"Foo\")),\n            FragmentNode, TemplateNode, ClientLoadDirective,\n            OnSpawnDeferred::insert(ClientIslandRoot::new(< Foo as Props >\n            ::Builder::default().bar(true).build()).into_bundle()))]\n        },\n    ))\n}",
  "{\n    #[allow(unused)]\n    use beet_dom::prelude::*;\n    #[allow(unused)]\n    use beet_core::prelude::*;\n    ResolveSnippets::resolve((\n        SnippetRoot {\n            file: WsPathBuf::new(\n                \"crates/beet_parse/src/tokenize/tokenize_template.rs\",\n            ),\n            start: LineCol { line: 1u32, col: 0u32 },\n        },\n        InstanceRoot,\n        FragmentNode,\n        related! {\n            Children[(ExprIdx(0u32), NodeTag(String::from(\"Foo\")), FragmentNode,\n            TemplateNode, OnSpawnDeferred::insert(TemplateRoot::spawn(Spawn(< Foo as\n            Props > ::Builder::default().r#type(\"bar\").build().into_bundle()))\n            .into_bundle()))]\n        },\n    ))\n}",
  "{\n    #[allow(unused)]\n    use beet_dom::prelude::*;\n    #[allow(unused)]\n    use beet_core::prelude::*;\n    ResolveSnippets::resolve((\n        NodeTag(String::from(\"entity\")),\n        ElementNode { self_closing: true },\n        OnSpawnDeferred::insert(\n            <EmptyEntity as Props>::Builder::default().build().into_bundle(),\n        ),\n    ))\n}",
  "{\n    #[allow(unused)]\n    use beet_dom::prelude::*;\n    #[allow(unused)]\n    use beet_core::prelude::*;\n    ResolveSnippets::resolve((\n        ExprIdx(0u32),\n        NodeTag(String::from(\"entity\")),\n        ElementNode { self_closing: true },\n        OnSpawnDeferred::insert((\n            #[allow(unused_braces)]\n            { foo }.into_bundle(),\n            <EmptyEntity as Props>::Builder::default().build().into_bundle(),\n        )),\n    ))\n}",
]