┌───────┐+++++++++++++++++++++++++++++++
│┌─┐+┌─┐│+++++++++++++++++++++++++++++++
││A│+│B││+++++++++++++++++++++++++++++++
│└─┘+└─┘│+++++++++++++++++++++++++++++++
└───────┘+++++++++++++++++++++++++++++++
++++++++++++++++++++++++++++++++++++++++
┌───────┐+++++++++++++++++++++++++++++++
│┌─┐+┌─┐│+++++++++++++++++++++++++++++++
││C│+│D││+++++++++++++++++++++++++++++++
│└─┘+└─┘│+++++++++++++++++++++++++++++++
└───────┘+++++++++++++++++++++++++++++++