<h4><a href="/blog/declarative-state">#3 &mdash; Declarative State</a></h4><p class="text-eyebrow">PETE HAYMAN &middot; 3 NOVEMBER 2025</p><p>about Declarative State</p><hr /><h4><a href="/blog/ecs-router">#2 &mdash; ECS Router</a></h4><p class="text-eyebrow">PETE HAYMAN &middot; 9 AUGUST 2025</p><p>about ECS Router</p><hr /><h4><a href="/blog/full-stack-bevy">#1 &mdash; Full Stack Bevy</a></h4><p class="text-eyebrow">PETE HAYMAN &middot; 11 JULY 2025</p><p>about Full Stack Bevy</p>