<h1>Blog</h1><h4><a href="/blog/ecs-router">#2 &mdash; ECS Router</a></h4><p class="text-eyebrow">PETE HAYMAN &middot; 9TH AUGUST 2025</p><p>the second one</p><hr /><h4><a href="/blog/full-stack-bevy">#1 &mdash; Full Stack Bevy</a></h4><p class="text-eyebrow">PETE HAYMAN &middot; 11TH JULY 2025</p><p>the first one</p>