`secrets` (secrets.toml): 2 group(s), 3 record(s)
group `agents` (1 recipient(s)): 🔒 not a member
  CF_API_TOKEN  env_var  2026-09-18T00:00:00.000Z
      dns and workers
group `default` (1 recipient(s)): opens
  OPENAI_API_KEY    env_var  2026-09-18T00:00:00.000Z
      billing account
      manual:platform.openai.com/api-keys
  dkim-example-com           2026-09-18T00:00:00.000Z
      the signing key
