{
    #[allow(unused)]
    use beet_dom::prelude::*;
    #[allow(unused)]
    ResolveSnippets::resolve((
        SnippetRoot {
            file: WsPathBuf::new(
                "crates/beet_parse/src/tokenize/tokenize_element_attributes.rs",
            ),
            start: LineCol { line: 1u32, col: 0u32 },
        },
        InstanceRoot,
        FragmentNode,
        related! {
            Children[(ExprIdx(0u32), NodeTag(String::from("span")), ElementNode {
            self_closing : true }, OnSpawnDeferred::insert(#[allow(unused_braces)] {
            foo } .into_bundle()))]
        },
    ))
}