[1mUsage: [0m[32mapi [version] items [*path][0m

Fetch items with dynamic versioning

[1mCommand:
[0m  [32mapi [version] items [*path][0m
    [2mArguments:[0m
      [33m[version][0m - [2m(required)[0m
      [33m[*path][0m - [2m(captures one or more)[0m
    [2mFlags:[0m
      [33m--format            [0m[2m(value)    [0m[32moptional[0m - Output format
      [33m--tags              [0m[2m(multiple) [0m[32moptional[0m - Tags to filter
      [33m--verbose, -v       [0m[2m(flag)     [0m[32moptional[0m - Enable verbose output

