<?xml version="1.0" encoding="UTF-8"?>
<rss version="2.0" xmlns:content="http://purl.org/rss/1.0/modules/content/">
	<channel>
		<title>Beet</title>
		<link>https://beet.org/</link>
		<description>A malleable engine for sovereign software</description>
		<item>
			<title>ECS Router</title>
			<link>https://beet.org/blog/ecs-router</link>
			<guid isPermaLink="true">https://beet.org/blog/ecs-router</guid>
			<pubDate>Sat, 09 Aug 2025 00:00:00 GMT</pubDate>
			<description>all about ECS Router</description>
			<author>Pete Hayman</author>
			<content:encoded><![CDATA[<p>page</p>]]></content:encoded>
		</item>
		<item>
			<title>Full Stack Bevy</title>
			<link>https://beet.org/blog/full-stack-bevy</link>
			<guid isPermaLink="true">https://beet.org/blog/full-stack-bevy</guid>
			<pubDate>Fri, 11 Jul 2025 00:00:00 GMT</pubDate>
			<description>all about Full Stack Bevy</description>
			<author>Pete Hayman</author>
			<content:encoded><![CDATA[<p>page</p>]]></content:encoded>
		</item>
	</channel>
</rss>
