<?xml version="1.0" encoding="UTF-8"?>
<rss version="2.0">
	<channel>
		<title>The Full Moon Harvest</title>
		<link>https://beet.org/blog</link>
		<description>A malleable engine for sovereign software</description>
		<item>
			<title>ECS Router</title>
			<link>https://beet.org/blog/ecs-router</link>
			<guid isPermaLink="true">https://beet.org/blog/ecs-router</guid>
			<pubDate>Sat, 09 Aug 2025 00:00:00 GMT</pubDate>
			<description>all about ECS Router</description>
			<author>Pete Hayman</author>
		</item>
	</channel>
</rss>
