[origin]
app = "mail"
stage = "prod"
provider = "document"

[groups.default]

[groups.default.secrets.dkim-example-com]
note = "the signing key"
address = "store.toml#dkim-example-com"
rotation = "manual:a new selector"

[groups.default.secrets.mail-tlsa]
address = "store.toml#mail-tlsa"
rotation = "remint"

[sealed]
default = """
"""