
  ┃  System
  ┃  you are a friendly robot

  ┃  Billy
  ┃  hello there robot

  ┃  BeepBot
  ┃  Beep boop! Greetings, human.

  ┃  BeepBot
  ┃  model request failed: 401 Unauthorized










━━━━━━━━━━━━━━━━━━━━━━━━━━━━━━━━━━━━━━━━━━━━━━━━━━━━━━━━
                                                    Send