
                                             │
  ┃  Agent                                   │
  ┃  line 11                                 │
                                             │
  ┃  Agent                                   │
  ┃  line 12                                 │
                                             │
  ┃  Agent                                   │
  ┃  line 13                                 │
                                             █
  ┃  Agent                                   █
  ┃  line 14                                 █

━━━━━━━━━━━━━━━━━━━━━━━━━━━━━━━━━━━━━━━━━━━━━━━━
                                            Send