[
  "<!DOCTYPE html><html><head><style data-lang-hash=\"10745346566431085136\">div[data-beet-style-id-0] {\n  color: red;\n}\n</style></head><body><div data-beet-style-id-0>\n\t\t\thello world\n\t\t</div></body></html>",
  "<!DOCTYPE html><html><head><style data-lang-hash=\"6712540941573671983\">body[data-beet-style-id-0] {\n  color: red;\n}\n</style></head><body></body></html>",
]