[
  "<div><p>is_optional: Some(3)</p><p>is_required: 38</p><p>is_default: 7</p><p>is_generic_default: Foo(PhantomData<u32>)</p><p>is_into: \"foobar\"</p><p>type: \"foo\"</p><p>is_boxed: 3</p><p>is_flatten.class: \"kablamo\"</p><p>is_flatten.id: Some(\"bar\")</p><p>is_flatten.disabled: None</p><p>is_marker_into: \"3\"</p><p>is_derived_getter: DerivedGetter(7)</p></div>",
]