┌───────┐+++++++++++++++++++++++++++++++
│First++│+++++++++++++++++++++++++++++++
└───────┘+++++++++++++++++++++++++++++++
++++++++++++++++++++++++++++++++++++++++
┌────────┐++++++++++++++++++++++++++++++
│Second++│++++++++++++++++++++++++++++++
└────────┘++++++++++++++++++++++++++++++
++++++++++++++++++++++++++++++++++++++++
┌───────┐+++++++++++++++++++++++++++++++
│Third++│+++++++++++++++++++++++++++++++
└───────┘+++++++++++++++++++++++++++++++