┌───────┐+++++++++++++++++++++++++++++++
│┌───┐++│+++++++++++++++++++++++++++++++
││A++│++│+++++++++++++++++++++++++++++++
│└───┘++│+++++++++++++++++++++++++++++++
│┌───┐++│+++++++++++++++++++++++++++++++
││B++│++│+++++++++++++++++++++++++++++++
│└───┘++│+++++++++++++++++++++++++++++++
│┌───┐++│+++++++++++++++++++++++++++++++
││C++│++│+++++++++++++++++++++++++++++++
│└───┘++│+++++++++++++++++++++++++++++++
└───────┘+++++++++++++++++++++++++++++++