┌──────────┐++++++++++++++++++++++++++++
│┌──────┐++│++++++++++++++++++++++++++++
││Tall++│++│++++++++++++++++++++++++++++
│└──────┘++│++++++++++++++++++++++++++++
│┌──────┐++│++++++++++++++++++++++++++++
││Item++│++│+┌───────┐++++++++++++++++++
│└──────┘++│+│Short++│++++++++++++++++++
└──────────┘+└───────┘++++++++++++++++++