{
    #[allow(unused)]
    use beet_dom::prelude::*;
    #[allow(unused)]
    ResolveSnippets::resolve((
        NodeTag(String::from("my-func")),
        ElementNode { self_closing: true },
        OnSpawnDeferred::insert(
            <MyFunc as Props>::Builder::default().build().into_bundle(),
        ),
    ))
}