{
    #[allow(unused)]
    use beet_dom::prelude::*;
    #[allow(unused)]
    ResolveSnippets::resolve((
        NodeTag(String::from("func")),
        ElementNode { self_closing: false },
        OnSpawnDeferred::insert(
            <Func as Props>::Builder::default().build().into_bundle(),
        ),
        related! {
            Children[TextNode(String::from("foo")), (ExprIdx(0u32), BlockNode,
            OnSpawnDeferred::insert(#[allow(unused_braces)] { bar } .into_bundle()))]
        },
    ))
}