[{"body":"page","title":"Beet","url":"https://beet.org/"},{"body":"page","title":"Blog","url":"https://beet.org/blog"},{"author":"Pete Hayman","body":"page","created":"2025-08-09","description":"all about ECS Router","title":"ECS Router","url":"https://beet.org/blog/ecs-router"},{"author":"Pete Hayman","body":"page","created":"2025-07-11","description":"all about Full Stack Bevy","title":"Full Stack Bevy","url":"https://beet.org/blog/full-stack-bevy"}]