[{"url":"https://beet.org/","title":"Beet","body":"page"},{"url":"https://beet.org/blog","title":"Blog","body":"page"},{"url":"https://beet.org/blog/ecs-router","title":"ECS Router","description":"all about ECS Router","author":"Pete Hayman","created":"2025-08-09","body":"page"},{"url":"https://beet.org/blog/full-stack-bevy","title":"Full Stack Bevy","description":"all about Full Stack Bevy","author":"Pete Hayman","created":"2025-07-11","body":"page"}]